# https://rightsmarts.com/top-conservative-websites/
# 1. FOX News One America News Network
0.0.0.0 www.foxnews.com
0.0.0.0 foxnews.com
0.0.0.0 www.oann.com
0.0.0.0 oann.com
# 2. Breitbart News Network
0.0.0.0 www.breitbart.com
0.0.0.0 breitbart.com
# 3. Western Journal
0.0.0.0 www.westernjournal.com
0.0.0.0 westernjournal.com
# 4. THE DRUDGE REPORT THE BONGINO REPORT
0.0.0.0 drudgereport.com
0.0.0.0 www.drudgereport.com
0.0.0.0 bonginoreport.com
0.0.0.0 www.bonginoreport.com
# 5. Daily Caller
0.0.0.0 dailycaller.com
0.0.0.0 www.dailycaller.com
# 6. Zero Hedge
0.0.0.0 zerohedge.com
0.0.0.0 www.zerohedge.com
# 7. Daily Wire
0.0.0.0 dailywire.com
0.0.0.0 www.dailywire.com
# 8. InfoWars
0.0.0.0 infowars.com
0.0.0.0 www.infowars.com
# 9. Washington Examiner
0.0.0.0 washingtonexaminer.com
0.0.0.0 www.washingtonexaminer.com
# 10. The Gateway Pundit
0.0.0.0 thegatewaypundit.com
0.0.0.0 www.thegatewaypundit.com
# 11. WayneDupree.com
0.0.0.0 waynedupree.com
0.0.0.0 www.waynedupree.com
# 12. Washington Times
0.0.0.0 washingtontimes.com
0.0.0.0 www.washingtontimes.com
# 13. The Blaze
0.0.0.0 theblaze.com
0.0.0.0 www.theblaze.com
# 14. BizPac Review
0.0.0.0 bizpacreview.com
0.0.0.0 www.bizpacreview.com
# 15. National Review
0.0.0.0 nationalreview.com
0.0.0.0 www.nationalreview.com
# 16. WorldNetDaily (WND)
0.0.0.0 wnd.com
0.0.0.0 www.wnd.com
# 17. Townhall
0.0.0.0 townhall.com
0.0.0.0 www.townhall.com
# 18. PJ Media
0.0.0.0 pjmedia.com
0.0.0.0 www.pjmedia.com
# 19. Judicial Watch
0.0.0.0 judicialwatch.org
0.0.0.0 www.judicialwatch.org
# 20. American Thinker
0.0.0.0 americanthinker.com
0.0.0.0 www.americanthinker.com
# 21. The Federalist
0.0.0.0 thefederalist.com
0.0.0.0 www.thefederalist.com
# 22. Hot Air
0.0.0.0 hotair.com
0.0.0.0 www.hotair.com
# 23. Free Republic
0.0.0.0 freerepublic.com
0.0.0.0 www.freerepublic.com
# 24. Twitchy
0.0.0.0 twitchy.com
0.0.0.0 www.twitchy.com
# 25. The Conservative Treehouse
0.0.0.0 theconservativetreehouse.com
0.0.0.0 www.theconservativetreehouse.com
# 26. Heritage
0.0.0.0 heritagenews.com
0.0.0.0 www.heritagenews.com
# 27. Red State
0.0.0.0 redstate.com
0.0.0.0 www.redstate.com
# 28. Free Beacon
0.0.0.0 freebeacon.com
0.0.0.0 www.freebeacon.com
# 29. Newsbusters
0.0.0.0 newsbusters.org
0.0.0.0 www.newsbusters.org
# 30. Rush Limbaugh
0.0.0.0 rushlimbaugh.com
0.0.0.0 www.rushlimbaugh.com
# 31. Stripes
0.0.0.0 stripes.com
0.0.0.0 www.stripes.com
# 32. Chicks On The Right
0.0.0.0 chicksonright.com
0.0.0.0 www.chicksonright.com
# 33. The American Conservative
0.0.0.0 theamericanconservative.com
0.0.0.0 www.theamericanconservative.com
# 34. Powerline Blog
0.0.0.0 powerlineblog.com
0.0.0.0 www.powerlineblog.com
# 35. CNS News
0.0.0.0 nsnews.com
0.0.0.0 www.nsnews.com
# 36. Lew Rockwell
0.0.0.0 lewrockwell.com
0.0.0.0 www.lewrockwell.com
# 37. Daily Signal
0.0.0.0 dailysignal.com
0.0.0.0 www.dailysignal.com
# 38. Louder With Crowder
0.0.0.0 louderwithcrowder.com
0.0.0.0 www.louderwithcrowder.com
# 39. The American Mirror
0.0.0.0 theamericanmirror.com
0.0.0. www.theamericanmirror.com
# 40. The Mental Recession
0.0.0.0 menrec.com
0.0.0.0 www.menrec.com
# 41. The Right Scoop
0.0.0.0 therightscoop.com
0.0.0. www.therightscoop.com
# 42. Big League Politics
0.0.0.0 bigleaguepolitics.com
0.0.0.0 www.bigleaguepolitics.com
# 43. Weekly Standard
0.0.0.0 weeklystandard.com
0.0.0.0 www.weeklystandard.com
# 44. True Pundit
0.0.0.0 truepundit.com
0.0.0.0 www.truepundit.com
# 45. Lucianne
0.0.0.0 lucianne.com
0.0.0.0 www.lucianne.com
# 46. Weasel Zippers
0.0.0.0 weaselzippers.us
0.0.0.0 www.weaselzippers.us
# 47. McClatchy DC
0.0.0.0 mcclatchydc.com
0.0.0.0 www.mcclatchydc.com
# 48. Frontpage Mag
0.0.0.0 frontpagemag.com
0.0.0.0 www.frontpagemag.com
# 49. Hannity
0.0.0.0 hannity.com
0.0.0.0 www.hannity.com
# 50. The Political Insider
0.0.0.0 thepoliticalinsider.com
0.0.0.0 www.thepoliticalinsider.com
# 51. The Federalist Papers
0.0.0.0 thefederalistpapers.org
0.0.0.0 www.thefederalistpapers.org
# 52. What Really Happened
0.0.0.0 whatreallyhappened.com
0.0.0.0 www.whatreallyhappened.com
# 53. Spectator.org
0.0.0.0 spectator.org
0.0.0.0 www.spectator.org
# 54. Legal Insurrection
0.0.0.0 legalinsurrection.com
0.0.0.0 www.legalinsurrection.com
# 55. Trump Train News
0.0.0.0 trumptrainnews.com
0.0.0.0 www.trumptrainnews.com
# 56. Independent Journal Review (IJR)
0.0.0.0 ijr.com
0.0.0.0 www.ijr.com
# 57. Prison Planet
0.0.0.0 prisonplanet.com
0.0.0.0 www.prisonplanet.com
# 58. The Horn News
0.0.0.0 thehornnews.com
0.0.0.0 www.thehornnews.com
# 59. The Liberty Daily
0.0.0.0 thelibertydaily.com
0.0.0.0 www.thelibertydaily.com
# 60. The Common Sense Show
0.0.0.0 thecommonsenseshow.com
0.0.0.0 www.thecommonsenseshow.com
# 61. First Things
0.0.0.0 firstthings.com
0.0.0.0 www.firstthings.com
# 62. Bill O’Reilly
0.0.0.0 billoreilly.com
0.0.0.0 www.billoreilly.com
# 63. Red State Watcher
0.0.0.0 redstatewatcher.com
0.0.0.0 www.redstatewatcher.com
# 64. Informatin Liberation
0.0.0.0 informationliberation.com
0.0.0.0 www.informationliberation.com
# 65. 100 Percent Fed Up
0.0.0.0 100percentfedup.com
0.0.0.0 www.100percentfedup.com
# 66. Conservative Review
0.0.0.0 conservativereview.com
0.0.0.0 www.conservativereview.com
# 67. The Rebel
0.0.0.0 rebelnews.com
0.0.0.0 www.rebelnews.com
# 68. Canada Free Press
0.0.0.0 canadafreepress.com
0.0.0.0 www.canadafreepress.com
# 69. Ann Coulter
0.0.0.0 anncoulter.com
0.0.0.0 www.anncoulter.com
# 70. MRCTV
0.0.0.0 mrctv.org
0.0.0.0 www.mrctv.org
# 71. Glenn Beck
0.0.0.0 glennbeck.com
0.0.0.0 www.glennbeck.com
# 72. Bipartisan Report
0.0.0.0 bipartisanreport.com
0.0.0.0 www.bipartisanreport.com
# 73. Dick Morris
0.0.0.0 dickmorris.com
0.0.0.0 www.dickmorris.com
# 74. Conservative Daily Post
0.0.0.0 conservativedailypost.com
0.0.0.0 www.conservativedailypost.com
# 75. Steyn Online
0.0.0.0 steynonline.com
0.0.0.0 www.steynonline.com
# 76. Dangerous.com
# 20210227: SMc: So this should be shutdown, but will block it anyway: https://www.forbes.com/sites/jonathanberr/2019/10/17/milo-yiannopoulos-website-abruptly-shuts-down-after-sale/?sh=688cd3fd5a0a
0.0.0.0 dangerous.com
0.0.0.0 www.dangerous.com
# 77. Clash Daily
0.0.0.0 clashdaily.com
0.0.0.0 www.clashdaily.com
# 78. The Daily Sheeply
0.0.0.0 thedailysheeple.com
0.0.0.0 www.thedailysheeple.com
# 79. Patriot Post
0.0.0.0 patriotpost.us
0.0.0.0 www.patriotpost.us
# 80. Mark Levin Show
0.0.0.0 marklevinshow.com
0.0.0.0 www.marklevinshow.com
# 81. The Blacksphere
0.0.0.0 theblacksphere.net
0.0.0.0 www.theblacksphere.net
# 82. Human Events
0.0.0.0 humanevents.com
0.0.0.0 www.humanevents.com
# 83. Mad World News
0.0.0.0 madworldnews.com
0.0.0.0 www.madworldnews.com
# 84. Linkiest
0.0.0.0 linkiest.com
0.0.0.0 www.linkiest.com
# 85. GOP USA
0.0.0.0 gopusa.com
0.0.0.0 www.gopusa.com
# 86. Blazing Cat Fur
0.0.0.0 blazingcatfur.ca
0.0.0.0 www.blazingcatfur.ca
# 87. MRC
0.0.0.0 mrc.org
0.0.0.0 www.mrc.org
# 88. Freedom Works
0.0.0.0 freedomworks.org
0.0.0.0 www.freedomworks.org
# 89. Michelle Malkin: 20210227: SMc: Can't find any web sites except ArcaMax & Newsmax which I'm blocking.
# 90. Dennis Michael Lynch
0.0.0.0 dennismichaellynch.com
0.0.0.0 www.dennismichaellynch.com
# 91. Moon Battery
0.0.0.0 moonbattery.com
0.0.0.0 www.moonbattery.com
# 92. DownTrend: 20270227: SMc: Don't see this web site when searching, but maybe just downtrend.com?
0.0.0.0 downtrend.com
0.0.0.0 www.downtrend.com
# 93. Daily Headlines
0.0.0.0 dailyheadlines.net
0.0.0.0 www.dailyheadlines.net
# 94. Three Percent Nation
0.0.0.0 threepercenternation.com
0.0.0.0 www.threepercenternation.com
# 95. Accuracy In Media (AIM)
0.0.0.0 aim.org
0.0.0.0 www.aim.org
# 96. The Resurgent
0.0.0.0 resurgent.com
0.0.0.0 www.resurgent.com
# 97. We Are Change
0.0.0.0 wearechange.org
0.0.0.0 www.wearechange.org
# 98. Joe Miller
0.0.0.0 joemiller.us
0.0.0.0 www.joemiller.us
# 99. Conservative-Daily.com
0.0.0.0 conservative-daily.com
0.0.0.0 www.conservative-daily.com
# 100. Renew America
0.0.0.0 renewamerica.com
0.0.0.0 www.renewamerica.com
# 101. Daniel Pipes
0.0.0.0 danielpipes.org
0.0.0.0 www.danielpipes.org
# 102. The Other McCain
0.0.0.0 theothermccain.com
0.0.0.0 www.theothermccain.com
# 103. Truth Revolt
0.0.0.0 thetruthrevolution.net
0.0.0.0 www.thetruthrevolution.net
# 104. Outside The Beltway
0.0.0.0 outsidethebeltway.com
0.0.0.0 www.outsidethebeltway.com
# 105. Da Tech Guy Blog
0.0.0.0 datechguyblog.com
0.0.0.0 www.datechguyblog.com
# 106. Conservative HQ
0.0.0.0 conservativehq.org
0.0.0.0 www.conservativehq.org
# 107. Whitehouse Dossier
0.0.0.0 whitehousedossier.com
0.0.0.0 www.whitehousedossier.com
# 108. Conservative Read
0.0.0.0 theconservativeread.com
0.0.0.0 www.theconservativeread.com
# 109. Conservative Fighters
0.0.0.0 conservativefighters.org
0.0.0.0 www.conservativefighters.org
# 110. Red Alert Politics
0.0.0.0 redalertpolitics.com
0.0.0.0 www.redalertpolitics.com
# 111. Debbie Schlussel
0.0.0.0 debbieschlussel.com
0.0.0.0 www.debbieschlussel.com
# 112. America’s Freedom Fighters
0.0.0.0 americasfreedomfighters.com
0.0.0.0 www.americasfreedomfighters.com
# 113. Disinfo
0.0.0.0 disinfo.com
0.0.0.0 www.disinfo.com
# 114. Republic Buzz
0.0.0.0 republicbuzz.com
0.0.0.0 www.republicbuzz.com
# 115. The Matt Walsh Blog
0.0.0.0 themattwalshblog.com
0.0.0.0 www.themattwalshblog.com
# 116. Revolution Radio
0.0.0.0 revolutionradio.org
0.0.0.0 www.revolutionradio.org
# 117. Danger And Play Updated: Cernovich.com
0.0.0.0 cernovich.com
0.0.0.0 www.cernovich.com
# 118. True Viral News: 20210227: SMc: Don't see a site when searching DDG for this.
# 119. Patriot Journal
0.0.0.0 patriotjournal.org
0.0.0.0 www.patriotjournal.org
# 120. I Have The Truth: 20270227: SMc: Not sure if this is the right one, but adding it anyway.
0.0.0.0 thetruth.com
0.0.0.0 www.thetruth.com
# 121. US Defense Watch
0.0.0.0 usdefensewatch.com
0.0.0.0 www.usdefensewatch.com
# 122. Conservative 101: 20210227: SMc: Don't see a site when searching DDG.
# 123. 63 Red
0.0.0.0 63red.com
0.0.0.0 www.63red.com
# 124. Supreme Patriot
0.0.0.0 patriotsupreme.com
0.0.0.0 www.patriotsupreme.com
# 125. Headline Politics
0.0.0.0 headlinepolitics.com
0.0.0.0 www.headlinepolitics.com
# 126. Regated
0.0.0.0 regated.com
0.0.0.0 www.regated.com

# Found when looking for Michelle Malkin's web sites
0.0.0.0 arcamax.com
0.0.0.0 www.arcamax.com
0.0.0.0 newsmax.com
0.0.0.0 www.newsmax.com

# Found when searching for "Truth Revolt"
0.0.0.0 horowitzfreedomcenter.org
0.0.0.0 www.horowitzfreedomcenter.org

# 20210306: SMc: Adding gab.social after seeing https://github.com/micahflee/gab-social
0.0.0.0 gab.social
0.0.0.0 www.gab.social
